###############################################################################
#
# IAR ELF Linker V7.40.3.8902/W32 for ARM                 07/Feb/2018  13:30:27
# Copyright 2007-2015 IAR Systems AB.
#
#    Output file  =  
#        D:\Projects\Vega\nRF52840-DK\IAR\pca10056\blank\iar\_build\blinky_pca10056.out
#    Map file     =  
#        D:\Projects\Vega\nRF52840-DK\IAR\pca10056\blank\iar\_build\blinky_pca10056.map
#    Command line =  
#        D:\Projects\Vega\nRF52840-DK\IAR\pca10056\blank\iar\_build\app_error.o
#        D:\Projects\Vega\nRF52840-DK\IAR\pca10056\blank\iar\_build\app_error_weak.o
#        D:\Projects\Vega\nRF52840-DK\IAR\pca10056\blank\iar\_build\app_util_platform.o
#        D:\Projects\Vega\nRF52840-DK\IAR\pca10056\blank\iar\_build\boards.o
#        D:\Projects\Vega\nRF52840-DK\IAR\pca10056\blank\iar\_build\iar_startup_nrf52840.o
#        D:\Projects\Vega\nRF52840-DK\IAR\pca10056\blank\iar\_build\main.o
#        D:\Projects\Vega\nRF52840-DK\IAR\pca10056\blank\iar\_build\nrf_assert.o
#        D:\Projects\Vega\nRF52840-DK\IAR\pca10056\blank\iar\_build\nrf_strerror.o
#        D:\Projects\Vega\nRF52840-DK\IAR\pca10056\blank\iar\_build\system_nrf52840.o
#        --redirect _Printf=_PrintfFull --redirect _Scanf=_ScanfFull -o
#        D:\Projects\Vega\nRF52840-DK\IAR\pca10056\blank\iar\_build\blinky_pca10056.out
#        --map
#        D:\Projects\Vega\nRF52840-DK\IAR\pca10056\blank\iar\_build\blinky_pca10056.map
#        --config
#        D:\Projects\Vega\nRF52840-DK\IAR\pca10056\blank\iar\blinky_iar_nRF5x.icf
#        --warnings_are_errors --entry __iar_program_start --inline --vfe
#
###############################################################################

*******************************************************************************
*** RUNTIME MODEL ATTRIBUTES
***

CppFlavor       = *
__CPP_Language  = EC++
__SystemLibrary = DLib


*******************************************************************************
*** PLACEMENT SUMMARY
***

"A1":  place at 0x00000000 { ro section .intvec };
"P1":  place in [from 0x00000000 to 0x000fffff] { ro };
"P2":  place in [from 0x20000000 to 0x2003ffff] { rw, block CSTACK, block HEAP };

  Section            Kind        Address   Size  Object
  -------            ----        -------   ----  ------
"A1":                                     0x200
  .intvec            ro code  0x00000000  0x200  iar_startup_nrf52840.o [1]
                            - 0x00000200  0x200

"P1":                                     0x4a8
  .text              ro code  0x00000200  0x1c0  main.o [1]
  .text              ro code  0x000003c0  0x19c  system_nrf52840.o [1]
  .text              ro code  0x0000055c   0x2c  copy_init3.o [5]
  .text              ro code  0x00000588   0x28  data_init.o [5]
  .text              ro code  0x000005b0   0x22  fpinit_M.o [4]
  .iar.init_table    const    0x000005d4   0x14  - Linker created -
  .text              ro code  0x000005e8    0x2  iar_startup_nrf52840.o [1]
  .text              ro code  0x000005ec   0x1a  cmain.o [5]
  .text              ro code  0x00000606    0x4  exit.o [3]
  .text              ro code  0x0000060a    0x2  iar_startup_nrf52840.o [1]
  .text              ro code  0x0000060c    0xa  cexit.o [5]
  .text              ro code  0x00000616    0x2  iar_startup_nrf52840.o [1]
  .text              ro code  0x00000618    0xc  XXexit.o [5]
  .text              ro code  0x00000624   0x10  iar_startup_nrf52840.o [1]
  .text              ro code  0x00000634    0xc  cstartup_M.o [5]
  .text              ro code  0x00000640    0x2  iar_startup_nrf52840.o [1]
  .text              ro code  0x00000642    0x2  iar_startup_nrf52840.o [1]
  .text              ro code  0x00000644    0x2  iar_startup_nrf52840.o [1]
  .text              ro code  0x00000646    0x2  iar_startup_nrf52840.o [1]
  .text              ro code  0x00000648    0x2  iar_startup_nrf52840.o [1]
  .text              ro code  0x0000064a    0x2  iar_startup_nrf52840.o [1]
  .text              ro code  0x0000064c    0x2  iar_startup_nrf52840.o [1]
  .text              ro code  0x0000064e    0x2  iar_startup_nrf52840.o [1]
  .text              ro code  0x00000650    0x2  iar_startup_nrf52840.o [1]
  .text              ro code  0x00000652    0x2  iar_startup_nrf52840.o [1]
  .text              ro code  0x00000654    0x2  iar_startup_nrf52840.o [1]
  .text              ro code  0x00000656    0x2  iar_startup_nrf52840.o [1]
  .text              ro code  0x00000658    0x2  iar_startup_nrf52840.o [1]
  .text              ro code  0x0000065a    0x2  iar_startup_nrf52840.o [1]
  .text              ro code  0x0000065c    0x2  iar_startup_nrf52840.o [1]
  .text              ro code  0x0000065e    0x2  iar_startup_nrf52840.o [1]
  .text              ro code  0x00000660    0x2  iar_startup_nrf52840.o [1]
  .text              ro code  0x00000662    0x2  iar_startup_nrf52840.o [1]
  .text              ro code  0x00000664    0x2  iar_startup_nrf52840.o [1]
  .text              ro code  0x00000666    0x2  iar_startup_nrf52840.o [1]
  .text              ro code  0x00000668    0x2  iar_startup_nrf52840.o [1]
  .text              ro code  0x0000066a    0x2  iar_startup_nrf52840.o [1]
  .text              ro code  0x0000066c    0x2  iar_startup_nrf52840.o [1]
  .text              ro code  0x0000066e    0x2  iar_startup_nrf52840.o [1]
  .text              ro code  0x00000670    0x2  iar_startup_nrf52840.o [1]
  .text              ro code  0x00000672    0x2  iar_startup_nrf52840.o [1]
  .text              ro code  0x00000674    0x2  iar_startup_nrf52840.o [1]
  .text              ro code  0x00000676    0x2  iar_startup_nrf52840.o [1]
  .text              ro code  0x00000678    0x2  iar_startup_nrf52840.o [1]
  .text              ro code  0x0000067a    0x2  iar_startup_nrf52840.o [1]
  .text              ro code  0x0000067c    0x2  iar_startup_nrf52840.o [1]
  .text              ro code  0x0000067e    0x2  iar_startup_nrf52840.o [1]
  .text              ro code  0x00000680    0x2  iar_startup_nrf52840.o [1]
  .text              ro code  0x00000682    0x2  iar_startup_nrf52840.o [1]
  .text              ro code  0x00000684    0x2  iar_startup_nrf52840.o [1]
  .text              ro code  0x00000686    0x2  iar_startup_nrf52840.o [1]
  .text              ro code  0x00000688    0x2  iar_startup_nrf52840.o [1]
  .text              ro code  0x0000068a    0x2  iar_startup_nrf52840.o [1]
  .text              ro code  0x0000068c    0x2  iar_startup_nrf52840.o [1]
  .text              ro code  0x0000068e    0x2  iar_startup_nrf52840.o [1]
  .text              ro code  0x00000690    0x2  iar_startup_nrf52840.o [1]
  .text              ro code  0x00000692    0x2  iar_startup_nrf52840.o [1]
  .text              ro code  0x00000694    0x2  iar_startup_nrf52840.o [1]
  .text              ro code  0x00000696    0x2  iar_startup_nrf52840.o [1]
  .text              ro code  0x00000698    0x2  iar_startup_nrf52840.o [1]
  .text              ro code  0x0000069a    0x2  iar_startup_nrf52840.o [1]
  .text              ro code  0x0000069c    0x2  iar_startup_nrf52840.o [1]
  .text              ro code  0x0000069e    0x2  iar_startup_nrf52840.o [1]
  .text              ro code  0x000006a0    0x2  iar_startup_nrf52840.o [1]
  .rodata            const    0x000006a2    0x0  copy_init3.o [5]
  Initializer bytes  const    0x000006a4    0x4  <for P2 s0>
                            - 0x000006a8  0x4a8

"P2":                                     0x808
  P2 s0                       0x20000000    0x4  <Init block>
    .data            inited   0x20000000    0x4  system_nrf52840.o [1]
  CSTACK                      0x20000008  0x800  <Block>
    CSTACK           uninit   0x20000008  0x800  <Block tail>
                            - 0x20000808  0x808


*******************************************************************************
*** INIT TABLE
***

          Address     Size
          -------     ----
Copy (__iar_copy_init3)
    1 source range, total size 0x4:
          0x000006a4   0x4
    1 destination range, total size 0x4:
          0x20000000   0x4



*******************************************************************************
*** MODULE SUMMARY
***

    Module                  ro code  ro data  rw data
    ------                  -------  -------  -------
D:\Projects\Vega\nRF52840-DK\IAR\pca10056\blank\iar\_build: [1]
    iar_startup_nrf52840.o      632
    main.o                      448
    system_nrf52840.o           412        4        4
    -------------------------------------------------
    Total:                    1 492        4        4

command line: [2]
    -------------------------------------------------
    Total:

dl7M_tlf.a: [3]
    exit.o                        4
    -------------------------------------------------
    Total:                        4

m7M_tls.a: [4]
    fpinit_M.o                   34
    -------------------------------------------------
    Total:                       34

rt7M_tl.a: [5]
    XXexit.o                     12
    cexit.o                      10
    cmain.o                      26
    copy_init3.o                 44
    cstartup_M.o                 12
    data_init.o                  40
    -------------------------------------------------
    Total:                      144

    Gaps                          2        2
    Linker created                        22    2 048
-----------------------------------------------------
    Grand Total:              1 676       28    2 052


*******************************************************************************
*** ENTRY LIST
***

Entry                      Address   Size  Type      Object
-----                      -------   ----  ----      ------
.iar.init_table$$Base   0x000005d4          --   Gb  - Linker created -
.iar.init_table$$Limit  0x000005e8          --   Gb  - Linker created -
?main                   0x000005ed         Code  Gb  cmain.o [5]
CSTACK$$Base            0x20000008          --   Gb  - Linker created -
CSTACK$$Limit           0x20000808          --   Gb  - Linker created -
GPIO_handle()           0x000002dd   0xbe  Code  Gb  main.o [1]
GPIO_test()             0x0000029d   0x40  Code  Gb  main.o [1]
Region$$Table$$Base     0x000005d4          --   Gb  - Linker created -
Region$$Table$$Limit    0x000005e8          --   Gb  - Linker created -
SystemCoreClock         0x20000000    0x4  Data  Gb  system_nrf52840.o [1]
SystemInit              0x000003c1  0x150  Code  Gb  system_nrf52840.o [1]
__ICFEDIT_region_RAM_end__ {Abs}
                        0x2003ffff          --   Gb  command line/config [2]
__ICFEDIT_region_RAM_start__ {Abs}
                        0x20000000          --   Gb  command line/config [2]
__Vectors               0x00000000          --   Gb  iar_startup_nrf52840.o [1]
__Vectors_End           0x00000200         Data  Gb  iar_startup_nrf52840.o [1]
__Vectors_Size {Abs}    0x00000200          --   Gb  iar_startup_nrf52840.o [1]
__cmain                 0x000005ed         Code  Gb  cmain.o [5]
__exit                  0x00000619         Code  Gb  XXexit.o [5]
__iar_copy_init3        0x0000055d   0x2c  Code  Gb  copy_init3.o [5]
__iar_data_init3        0x00000589   0x28  Code  Gb  data_init.o [5]
__iar_init_vfp          0x000005b1         Code  Gb  fpinit_M.o [4]
__iar_program_start     0x00000635         Code  Gb  cstartup_M.o [5]
__vector_table          0x00000000         Data  Gb  iar_startup_nrf52840.o [1]
_call_main              0x000005f9         Code  Gb  cmain.o [5]
_exit                   0x0000060d         Code  Gb  cexit.o [5]
_main                   0x00000603         Code  Gb  cmain.o [5]
exit                    0x00000607    0x4  Code  Gb  exit.o [3]
main                    0x000003b9    0x8  Code  Gb  main.o [1]
nrf_gpio_cfg(unsigned int, nrf_gpio_pin_dir_t, nrf_gpio_pin_input_t, nrf_gpio_pin_pull_t, nrf_gpio_pin_drive_t, nrf_gpio_pin_sense_t)
                        0x00000201   0x2e  Code  Lc  main.o [1]
nrf_gpio_cfg_input(unsigned int, nrf_gpio_pin_pull_t)
                        0x00000241    0xe  Code  Lc  main.o [1]
nrf_gpio_cfg_output(unsigned int)
                        0x0000022f   0x12  Code  Lc  main.o [1]
nrf_gpio_pin_read(unsigned int)
                        0x00000285   0x18  Code  Lc  main.o [1]
nrf_gpio_pin_write(unsigned int, unsigned int)
                        0x00000255   0x30  Code  Lc  main.o [1]


[1] = D:\Projects\Vega\nRF52840-DK\IAR\pca10056\blank\iar\_build
[2] = command line
[3] = dl7M_tlf.a
[4] = m7M_tls.a
[5] = rt7M_tl.a

  1 676 bytes of readonly  code memory
     28 bytes of readonly  data memory
  2 052 bytes of readwrite data memory

Errors: none
Warnings: none
